16:57:54 **** Incremental Build of configuration Debug for project UDP_FILE_TRANSFER ****
make -j4 all 
arm-none-eabi-gcc "../Core/Src/main.c" -mcpu=cortex-m4 -std=gnu11 -g3 -DDEBUG -DUSE_HAL_DRIVER -DSTM32F446xx -c -I../Core/Inc -I../Drivers/STM32F4xx_HAL_Driver/Inc -I../Drivers/STM32F4xx_HAL_Driver/Inc/Legacy -I../Drivers/CMSIS/Device/ST/STM32F4xx/Include -I../Drivers/CMSIS/Include -O0 -ffunction-sections -fdata-sections -Wall -fstack-usage -fcyclomatic-complexity -MMD -MP -MF"Core/Src/main.d" -MT"Core/Src/main.o" --specs=nano.specs -mfpu=fpv4-sp-d16 -mfloat-abi=hard -mthumb -o "Core/Src/main.o"
arm-none-eabi-gcc -o "UDP_FILE_TRANSFER.elf" @"objects.list"   -mcpu=cortex-m4 -T"/home/nova/STM32CubeIDE/workspace_1.18.1/UDP_FILE_TRANSFER/STM32F446RETX_FLASH.ld" --specs=nosys.specs -Wl,-Map="UDP_FILE_TRANSFER.map" -Wl,--gc-sections -static --specs=nano.specs -mfpu=fpv4-sp-d16 -mfloat-abi=hard -mthumb -Wl,--start-group -lc -lm -Wl,--end-group
Finished building target: UDP_FILE_TRANSFER.elf
 
arm-none-eabi-size  UDP_FILE_TRANSFER.elf 
arm-none-eabi-objdump -h -S UDP_FILE_TRANSFER.elf  > "UDP_FILE_TRANSFER.list"
   text	   data	    bss	    dec	    hex	filename
  13340	    104	   1976	  15420	   3c3c	UDP_FILE_TRANSFER.elf
Finished building: default.size.stdout
 
Finished building: UDP_FILE_TRANSFER.list
 

16:57:55 Build Finished. 0 errors, 0 warnings. (took 595ms)

